<html><head><title>content file</title>
</head><body>
<!--XH_ml1:Start-->
<?php
$page_data[]=array(
'url'=>'\\Start\'',
);
?>
<h1>Start</h1>
<!--XH_ml2:Sub-->
<?php
$page_data[]=array(
);
?>
<h1>Sub</h1>
<!--XH_ml3:SubSub-->
<?php
$page_data[]=array(
);
?>
<h1>SubSub</h1>
<!--XH_ml2:Sub2-->
<?php
$page_data[]=array(
);
?>
<h1>Sub2</h1>
<!--XH_ml1:About-->
<?php
$page_data[]=array(
);
?>
<h1>About</h1>
<!--XH_ml2:Me-->
<?php
$page_data[]=array(
);
?>
<h1>About me</h1>
</body></html>
