<?xml version="1.0" encoding="UTF-8"?>
<contents version="2.0">
  <page title="Start">
    <data url="\Start'"/>
    <content><![CDATA[<h1>Start</h1>]]></content>
    <page title="Sub">
      <data/>
      <content><![CDATA[<h1>Sub</h1>]]></content>
      <page title="SubSub">
        <data/>
        <content><![CDATA[<h1>SubSub</h1>]]></content>
      </page>
    </page>
    <page title="Sub2">
      <data/>
      <content><![CDATA[<h1>Sub2</h1>]]></content>
    </page>
  </page>
  <page title="About">
    <data/>
    <content><![CDATA[<h1>About</h1>]]></content>
    <page title="Me">
      <data/>
      <content><![CDATA[<h1>About me</h1>]]></content>
    </page>
  </page>
</contents>
