<?xml version="1.0" encoding="UTF-8"?>
<contents version="1.8">
  <page heading="" level="" url="">
    <pagedata url="Start"/>
    <content><![CDATA[<h1>Start<h1>]]></content>
    <page heading="" level="" url="">
      <pagedata url="Sub"/>
      <content><![CDATA[<h1>Sub<h1>]]></content>
    </page>
  </page>
</contents>
