
<section class="exchange_main">
  <h1>Import/Export</h1>
  <form method="post">
    <fieldset>
      <legend>Export</legend>
      <input type="hidden" name="exchange_token" value="123456789ABCDEF">
      <p class="exchange_buttons">
        <button formaction="/?&amp;exchange&amp;admin=plugin_main&amp;action=export&amp;edit">Export</button>
      </p>
    </fieldset>
    <fieldset>
      <legend>Import</legend>
      <p class="xh_info">&quot;content.xml&quot; not found, so there is nothing to import.</p>
    </fieldset>
  </form>
</section>
